
SQL*Loader: Release 21.0.0.0.0 - Production on Mon Apr 27 03:18:08 2026
Version 21.3.0.0.0

Copyright (c) 1982, 2021, Oracle and/or its affiliates.  All rights reserved.

Control File:   control/lodging_details.ctl
Data File:      csvfiles/lodging_details.csv
  Bad File:     control/lodging_details.bad
  Discard File:  none specified
 
 (Allow all discards)

Number to load: ALL
Number to skip: 0
Errors allowed: 50
Bind array:     250 rows, maximum of 1048576 bytes
Continuation:    none specified
Path used:      Conventional

Table LODGING_DETAILS, loaded from every logical record.
Insert option in effect for this table: INSERT

   Column Name                  Position   Len  Term Encl Datatype
------------------------------ ---------- ----- ---- ---- ---------------------
LODGINGID                           FIRST     *   ,  O(") CHARACTER            
PROPOSALID                           NEXT     *   ,  O(") CHARACTER            
HOTEL_NAME                           NEXT     *   ,  O(") CHARACTER            
ADDRESS                              NEXT     *   ,  O(") CHARACTER            
CHECK_IN                             NEXT     *   ,  O(") DATETIME YYYY-MM-DD HH24:MI:SS
CHECK_OUT                            NEXT     *   ,  O(") DATETIME YYYY-MM-DD HH24:MI:SS


Table LODGING_DETAILS:
  1 Row successfully loaded.
  0 Rows not loaded due to data errors.
  0 Rows not loaded because all WHEN clauses were failed.
  0 Rows not loaded because all fields were null.


Space allocated for bind array:                 387000 bytes(250 rows)
Read   buffer bytes: 1048576

Total logical records skipped:          0
Total logical records read:             1
Total logical records rejected:         0
Total logical records discarded:        0

Run began on Mon Apr 27 03:18:08 2026
Run ended on Mon Apr 27 03:18:08 2026

Elapsed time was:     00:00:00.12
CPU time was:         00:00:00.02
