
SQL*Loader: Release 21.0.0.0.0 - Production on Mon Apr 27 03:18:05 2026
Version 21.3.0.0.0

Copyright (c) 1982, 2021, Oracle and/or its affiliates.  All rights reserved.

Control File:   control/proposals.ctl
Data File:      csvfiles/proposals.csv
  Bad File:     control/proposals.bad
  Discard File:  none specified
 
 (Allow all discards)

Number to load: ALL
Number to skip: 0
Errors allowed: 50
Bind array:     250 rows, maximum of 1048576 bytes
Continuation:    none specified
Path used:      Conventional

Table PROPOSALS, loaded from every logical record.
Insert option in effect for this table: INSERT

   Column Name                  Position   Len  Term Encl Datatype
------------------------------ ---------- ----- ---- ---- ---------------------
PROPOSALID                          FIRST     *   ,  O(") CHARACTER            
TRIPID                               NEXT     *   ,  O(") CHARACTER            
PROPOSED_BY                          NEXT     *   ,  O(") CHARACTER            
TITLE                                NEXT     *   ,  O(") CHARACTER            
DESCRIPTION                          NEXT     *   ,  O(") CHARACTER            
CATEGORY                             NEXT     *   ,  O(") CHARACTER            
LOCATION                             NEXT     *   ,  O(") CHARACTER            
START_DATETIME                       NEXT     *   ,  O(") DATETIME YYYY-MM-DD HH24:MI:SS
END_DATETIME                         NEXT     *   ,  O(") DATETIME YYYY-MM-DD HH24:MI:SS
DEADLINE                             NEXT     *   ,  O(") DATETIME YYYY-MM-DD HH24:MI:SS
STATUS                               NEXT     *   ,  O(") CHARACTER            
CONFIRMED_AT                         NEXT     *   ,  O(") DATETIME YYYY-MM-DD HH24:MI:SS
CREATED_AT                           NEXT     *   ,  O(") DATETIME YYYY-MM-DD HH24:MI:SS


Table PROPOSALS:
  3 Rows successfully loaded.
  0 Rows not loaded due to data errors.
  0 Rows not loaded because all WHEN clauses were failed.
  0 Rows not loaded because all fields were null.


Space allocated for bind array:                 838500 bytes(250 rows)
Read   buffer bytes: 1048576

Total logical records skipped:          0
Total logical records read:             3
Total logical records rejected:         0
Total logical records discarded:        0

Run began on Mon Apr 27 03:18:05 2026
Run ended on Mon Apr 27 03:18:05 2026

Elapsed time was:     00:00:00.12
CPU time was:         00:00:00.02
